2026-04-03 09:42:32 [DEBUG] [HikariPool.java]logPoolState(421) : HikariPool-1 - Pool stats (total=4, active=0, idle=4, waiting=0)
2026-04-03 09:42:32 [DEBUG] [HikariPool.java]fillPool(518) : HikariPool-1 - Fill pool skipped, pool is at sufficient level.
2026-04-03 09:43:02 [DEBUG] [HikariPool.java]logPoolState(421) : HikariPool-1 - Pool stats (total=4, active=0, idle=4, waiting=0)
2026-04-03 09:43:02 [DEBUG] [HikariPool.java]fillPool(518) : HikariPool-1 - Fill pool skipped, pool is at sufficient level.
2026-04-03 09:43:32 [DEBUG] [HikariPool.java]logPoolState(421) : HikariPool-1 - Pool stats (total=4, active=0, idle=4, waiting=0)
2026-04-03 09:43:32 [DEBUG] [HikariPool.java]fillPool(518) : HikariPool-1 - Fill pool skipped, pool is at sufficient level.
2026-04-03 09:44:02 [DEBUG] [HikariPool.java]logPoolState(421) : HikariPool-1 - Pool stats (total=4, active=0, idle=4, waiting=0)
2026-04-03 09:44:02 [DEBUG] [HikariPool.java]fillPool(518) : HikariPool-1 - Fill pool skipped, pool is at sufficient level.
2026-04-03 09:44:32 [DEBUG] [HikariPool.java]logPoolState(421) : HikariPool-1 - Pool stats (total=4, active=0, idle=4, waiting=0)
2026-04-03 09:44:32 [DEBUG] [HikariPool.java]fillPool(518) : HikariPool-1 - Fill pool skipped, pool is at sufficient level.
2026-04-03 09:45:02 [DEBUG] [HikariPool.java]logPoolState(421) : HikariPool-1 - Pool stats (total=4, active=0, idle=4, waiting=0)
2026-04-03 09:45:02 [DEBUG] [HikariPool.java]fillPool(518) : HikariPool-1 - Fill pool skipped, pool is at sufficient level.
2026-04-03 09:45:32 [DEBUG] [HikariPool.java]logPoolState(421) : HikariPool-1 - Pool stats (total=4, active=0, idle=4, waiting=0)
2026-04-03 09:45:32 [DEBUG] [HikariPool.java]fillPool(518) : HikariPool-1 - Fill pool skipped, pool is at sufficient level.
2026-04-03 09:46:02 [DEBUG] [HikariPool.java]logPoolState(421) : HikariPool-1 - Pool stats (total=4, active=0, idle=4, waiting=0)
2026-04-03 09:46:02 [DEBUG] [HikariPool.java]fillPool(518) : HikariPool-1 - Fill pool skipped, pool is at sufficient level.
2026-04-03 09:46:32 [DEBUG] [HikariPool.java]logPoolState(421) : HikariPool-1 - Pool stats (total=4, active=0, idle=4, waiting=0)
2026-04-03 09:46:32 [DEBUG] [HikariPool.java]fillPool(518) : HikariPool-1 - Fill pool skipped, pool is at sufficient level.
2026-04-03 09:47:02 [DEBUG] [HikariPool.java]logPoolState(421) : HikariPool-1 - Pool stats (total=4, active=0, idle=4, waiting=0)
2026-04-03 09:47:02 [DEBUG] [HikariPool.java]fillPool(518) : HikariPool-1 - Fill pool skipped, pool is at sufficient level.
2026-04-03 09:47:32 [DEBUG] [HikariPool.java]logPoolState(421) : HikariPool-1 - Pool stats (total=4, active=0, idle=4, waiting=0)
2026-04-03 09:47:32 [DEBUG] [HikariPool.java]fillPool(518) : HikariPool-1 - Fill pool skipped, pool is at sufficient level.
2026-04-03 09:48:02 [DEBUG] [HikariPool.java]logPoolState(421) : HikariPool-1 - Pool stats (total=4, active=0, idle=4, waiting=0)
2026-04-03 09:48:02 [DEBUG] [HikariPool.java]fillPool(518) : HikariPool-1 - Fill pool skipped, pool is at sufficient level.
2026-04-03 09:48:32 [DEBUG] [HikariPool.java]logPoolState(421) : HikariPool-1 - Pool stats (total=4, active=0, idle=4, waiting=0)
2026-04-03 09:48:32 [DEBUG] [HikariPool.java]fillPool(518) : HikariPool-1 - Fill pool skipped, pool is at sufficient level.
2026-04-03 09:49:02 [DEBUG] [HikariPool.java]logPoolState(421) : HikariPool-1 - Pool stats (total=4, active=0, idle=4, waiting=0)
2026-04-03 09:49:02 [DEBUG] [HikariPool.java]fillPool(518) : HikariPool-1 - Fill pool skipped, pool is at sufficient level.
2026-04-03 09:49:32 [DEBUG] [HikariPool.java]logPoolState(421) : HikariPool-1 - Pool stats (total=4, active=0, idle=4, waiting=0)
2026-04-03 09:49:32 [DEBUG] [HikariPool.java]fillPool(518) : HikariPool-1 - Fill pool skipped, pool is at sufficient level.
2026-04-03 09:50:02 [DEBUG] [HikariPool.java]logPoolState(421) : HikariPool-1 - Pool stats (total=4, active=0, idle=4, waiting=0)
2026-04-03 09:50:02 [DEBUG] [HikariPool.java]fillPool(518) : HikariPool-1 - Fill pool skipped, pool is at sufficient level.
2026-04-03 09:50:32 [DEBUG] [HikariPool.java]logPoolState(421) : HikariPool-1 - Pool stats (total=4, active=0, idle=4, waiting=0)
2026-04-03 09:50:32 [DEBUG] [HikariPool.java]fillPool(518) : HikariPool-1 - Fill pool skipped, pool is at sufficient level.
2026-04-03 09:51:02 [DEBUG] [HikariPool.java]logPoolState(421) : HikariPool-1 - Pool stats (total=4, active=0, idle=4, waiting=0)
2026-04-03 09:51:02 [DEBUG] [HikariPool.java]fillPool(518) : HikariPool-1 - Fill pool skipped, pool is at sufficient level.
2026-04-03 09:51:32 [DEBUG] [HikariPool.java]logPoolState(421) : HikariPool-1 - Pool stats (total=4, active=0, idle=4, waiting=0)
2026-04-03 09:51:32 [DEBUG] [HikariPool.java]fillPool(518) : HikariPool-1 - Fill pool skipped, pool is at sufficient level.
2026-04-03 09:52:02 [DEBUG] [HikariPool.java]logPoolState(421) : HikariPool-1 - Pool stats (total=4, active=0, idle=4, waiting=0)
2026-04-03 09:52:02 [DEBUG] [HikariPool.java]fillPool(518) : HikariPool-1 - Fill pool skipped, pool is at sufficient level.
2026-04-03 09:52:32 [DEBUG] [HikariPool.java]logPoolState(421) : HikariPool-1 - Pool stats (total=4, active=0, idle=4, waiting=0)
2026-04-03 09:52:32 [DEBUG] [HikariPool.java]fillPool(518) : HikariPool-1 - Fill pool skipped, pool is at sufficient level.
2026-04-03 09:53:02 [DEBUG] [HikariPool.java]logPoolState(421) : HikariPool-1 - Pool stats (total=4, active=0, idle=4, waiting=0)
2026-04-03 09:53:02 [DEBUG] [HikariPool.java]fillPool(518) : HikariPool-1 - Fill pool skipped, pool is at sufficient level.
2026-04-03 09:53:32 [DEBUG] [HikariPool.java]logPoolState(421) : HikariPool-1 - Pool stats (total=4, active=0, idle=4, waiting=0)
2026-04-03 09:53:32 [DEBUG] [HikariPool.java]fillPool(518) : HikariPool-1 - Fill pool skipped, pool is at sufficient level.
2026-04-03 09:54:02 [DEBUG] [HikariPool.java]logPoolState(421) : HikariPool-1 - Pool stats (total=4, active=0, idle=4, waiting=0)
2026-04-03 09:54:02 [DEBUG] [HikariPool.java]fillPool(518) : HikariPool-1 - Fill pool skipped, pool is at sufficient level.
2026-04-03 09:54:32 [DEBUG] [HikariPool.java]logPoolState(421) : HikariPool-1 - Pool stats (total=4, active=0, idle=4, waiting=0)
2026-04-03 09:54:32 [DEBUG] [HikariPool.java]fillPool(518) : HikariPool-1 - Fill pool skipped, pool is at sufficient level.
2026-04-03 09:55:02 [DEBUG] [HikariPool.java]logPoolState(421) : HikariPool-1 - Pool stats (total=4, active=0, idle=4, waiting=0)
2026-04-03 09:55:02 [DEBUG] [HikariPool.java]fillPool(518) : HikariPool-1 - Fill pool skipped, pool is at sufficient level.
2026-04-03 09:55:32 [DEBUG] [HikariPool.java]logPoolState(421) : HikariPool-1 - Pool stats (total=4, active=0, idle=4, waiting=0)
2026-04-03 09:55:32 [DEBUG] [HikariPool.java]fillPool(518) : HikariPool-1 - Fill pool skipped, pool is at sufficient level.
2026-04-03 09:56:02 [DEBUG] [HikariPool.java]logPoolState(421) : HikariPool-1 - Pool stats (total=4, active=0, idle=4, waiting=0)
2026-04-03 09:56:02 [DEBUG] [HikariPool.java]fillPool(518) : HikariPool-1 - Fill pool skipped, pool is at sufficient level.
2026-04-03 09:56:32 [DEBUG] [HikariPool.java]logPoolState(421) : HikariPool-1 - Pool stats (total=4, active=0, idle=4, waiting=0)
2026-04-03 09:56:32 [DEBUG] [HikariPool.java]fillPool(518) : HikariPool-1 - Fill pool skipped, pool is at sufficient level.
2026-04-03 09:57:02 [DEBUG] [HikariPool.java]logPoolState(421) : HikariPool-1 - Pool stats (total=4, active=0, idle=4, waiting=0)
2026-04-03 09:57:02 [DEBUG] [HikariPool.java]fillPool(518) : HikariPool-1 - Fill pool skipped, pool is at sufficient level.
2026-04-03 09:57:32 [DEBUG] [HikariPool.java]logPoolState(421) : HikariPool-1 - Pool stats (total=4, active=0, idle=4, waiting=0)
2026-04-03 09:57:32 [DEBUG] [HikariPool.java]fillPool(518) : HikariPool-1 - Fill pool skipped, pool is at sufficient level.
2026-04-03 09:58:02 [DEBUG] [HikariPool.java]logPoolState(421) : HikariPool-1 - Pool stats (total=4, active=0, idle=4, waiting=0)
2026-04-03 09:58:02 [DEBUG] [HikariPool.java]fillPool(518) : HikariPool-1 - Fill pool skipped, pool is at sufficient level.
2026-04-03 09:58:32 [DEBUG] [HikariPool.java]logPoolState(421) : HikariPool-1 - Pool stats (total=4, active=0, idle=4, waiting=0)
2026-04-03 09:58:32 [DEBUG] [HikariPool.java]fillPool(518) : HikariPool-1 - Fill pool skipped, pool is at sufficient level.
2026-04-03 09:59:02 [DEBUG] [HikariPool.java]logPoolState(421) : HikariPool-1 - Pool stats (total=4, active=0, idle=4, waiting=0)
2026-04-03 09:59:02 [DEBUG] [HikariPool.java]fillPool(518) : HikariPool-1 - Fill pool skipped, pool is at sufficient level.
2026-04-03 09:59:32 [DEBUG] [HikariPool.java]logPoolState(421) : HikariPool-1 - Pool stats (total=4, active=0, idle=4, waiting=0)
2026-04-03 09:59:32 [DEBUG] [HikariPool.java]fillPool(518) : HikariPool-1 - Fill pool skipped, pool is at sufficient level.
2026-04-03 10:00:02 [DEBUG] [HikariPool.java]logPoolState(421) : HikariPool-1 - Pool stats (total=4, active=0, idle=4, waiting=0)
2026-04-03 10:00:02 [DEBUG] [HikariPool.java]fillPool(518) : HikariPool-1 - Fill pool skipped, pool is at sufficient level.
2026-04-03 10:00:32 [DEBUG] [HikariPool.java]logPoolState(421) : HikariPool-1 - Pool stats (total=4, active=0, idle=4, waiting=0)
2026-04-03 10:00:32 [DEBUG] [HikariPool.java]fillPool(518) : HikariPool-1 - Fill pool skipped, pool is at sufficient level.
2026-04-03 10:01:02 [DEBUG] [HikariPool.java]logPoolState(421) : HikariPool-1 - Pool stats (total=4, active=0, idle=4, waiting=0)
2026-04-03 10:01:02 [DEBUG] [HikariPool.java]fillPool(518) : HikariPool-1 - Fill pool skipped, pool is at sufficient level.
2026-04-03 10:01:32 [DEBUG] [HikariPool.java]logPoolState(421) : HikariPool-1 - Pool stats (total=4, active=0, idle=4, waiting=0)
2026-04-03 10:01:32 [DEBUG] [HikariPool.java]fillPool(518) : HikariPool-1 - Fill pool skipped, pool is at sufficient level.
2026-04-03 10:02:02 [DEBUG] [HikariPool.java]logPoolState(421) : HikariPool-1 - Pool stats (total=4, active=0, idle=4, waiting=0)
2026-04-03 10:02:02 [DEBUG] [HikariPool.java]fillPool(518) : HikariPool-1 - Fill pool skipped, pool is at sufficient level.
2026-04-03 10:02:32 [DEBUG] [HikariPool.java]logPoolState(421) : HikariPool-1 - Pool stats (total=4, active=0, idle=4, waiting=0)
2026-04-03 10:02:32 [DEBUG] [HikariPool.java]fillPool(518) : HikariPool-1 - Fill pool skipped, pool is at sufficient level.
2026-04-03 10:03:02 [DEBUG] [HikariPool.java]logPoolState(421) : HikariPool-1 - Pool stats (total=4, active=0, idle=4, waiting=0)
2026-04-03 10:03:02 [DEBUG] [HikariPool.java]fillPool(518) : HikariPool-1 - Fill pool skipped, pool is at sufficient level.
2026-04-03 10:03:32 [DEBUG] [HikariPool.java]logPoolState(421) : HikariPool-1 - Pool stats (total=4, active=0, idle=4, waiting=0)
2026-04-03 10:03:32 [DEBUG] [HikariPool.java]fillPool(518) : HikariPool-1 - Fill pool skipped, pool is at sufficient level.
2026-04-03 10:04:02 [DEBUG] [HikariPool.java]logPoolState(421) : HikariPool-1 - Pool stats (total=4, active=0, idle=4, waiting=0)
2026-04-03 10:04:02 [DEBUG] [HikariPool.java]fillPool(518) : HikariPool-1 - Fill pool skipped, pool is at sufficient level.
2026-04-03 10:04:32 [DEBUG] [HikariPool.java]logPoolState(421) : HikariPool-1 - Pool stats (total=4, active=0, idle=4, waiting=0)
2026-04-03 10:04:32 [DEBUG] [HikariPool.java]fillPool(518) : HikariPool-1 - Fill pool skipped, pool is at sufficient level.
2026-04-03 10:05:02 [DEBUG] [HikariPool.java]logPoolState(421) : HikariPool-1 - Pool stats (total=4, active=0, idle=4, waiting=0)
2026-04-03 10:05:02 [DEBUG] [HikariPool.java]fillPool(518) : HikariPool-1 - Fill pool skipped, pool is at sufficient level.
2026-04-03 10:05:32 [DEBUG] [HikariPool.java]logPoolState(421) : HikariPool-1 - Pool stats (total=4, active=0, idle=4, waiting=0)
2026-04-03 10:05:32 [DEBUG] [HikariPool.java]fillPool(518) : HikariPool-1 - Fill pool skipped, pool is at sufficient level.
2026-04-03 10:06:02 [DEBUG] [HikariPool.java]logPoolState(421) : HikariPool-1 - Pool stats (total=4, active=0, idle=4, waiting=0)
2026-04-03 10:06:02 [DEBUG] [HikariPool.java]fillPool(518) : HikariPool-1 - Fill pool skipped, pool is at sufficient level.
2026-04-03 10:06:32 [DEBUG] [HikariPool.java]logPoolState(421) : HikariPool-1 - Pool stats (total=4, active=0, idle=4, waiting=0)
2026-04-03 10:06:32 [DEBUG] [HikariPool.java]fillPool(518) : HikariPool-1 - Fill pool skipped, pool is at sufficient level.
2026-04-03 10:07:02 [DEBUG] [HikariPool.java]logPoolState(421) : HikariPool-1 - Pool stats (total=4, active=0, idle=4, waiting=0)
2026-04-03 10:07:02 [DEBUG] [HikariPool.java]fillPool(518) : HikariPool-1 - Fill pool skipped, pool is at sufficient level.
2026-04-03 10:07:32 [DEBUG] [HikariPool.java]logPoolState(421) : HikariPool-1 - Pool stats (total=4, active=0, idle=4, waiting=0)
2026-04-03 10:07:32 [DEBUG] [HikariPool.java]fillPool(518) : HikariPool-1 - Fill pool skipped, pool is at sufficient level.
2026-04-03 10:08:02 [DEBUG] [HikariPool.java]logPoolState(421) : HikariPool-1 - Pool stats (total=4, active=0, idle=4, waiting=0)
2026-04-03 10:08:02 [DEBUG] [HikariPool.java]fillPool(518) : HikariPool-1 - Fill pool skipped, pool is at sufficient level.
2026-04-03 10:08:32 [DEBUG] [HikariPool.java]logPoolState(421) : HikariPool-1 - Pool stats (total=4, active=0, idle=4, waiting=0)
2026-04-03 10:08:32 [DEBUG] [HikariPool.java]fillPool(518) : HikariPool-1 - Fill pool skipped, pool is at sufficient level.
2026-04-03 10:09:02 [DEBUG] [HikariPool.java]logPoolState(421) : HikariPool-1 - Pool stats (total=4, active=0, idle=4, waiting=0)
2026-04-03 10:09:02 [DEBUG] [HikariPool.java]fillPool(518) : HikariPool-1 - Fill pool skipped, pool is at sufficient level.
2026-04-03 10:09:24 [DEBUG] [PoolBase.java]quietlyCloseConnection(134) : HikariPool-1 - Closing connection org.postgresql.jdbc.PgConnection@2228bff: (connection has passed maxLifetime)
2026-04-03 10:09:24 [DEBUG] [HikariPool.java]call(729) : HikariPool-1 - Added connection org.postgresql.jdbc.PgConnection@4be8ebd8
2026-04-03 10:09:28 [DEBUG] [PoolBase.java]quietlyCloseConnection(134) : HikariPool-1 - Closing connection org.postgresql.jdbc.PgConnection@4dd8660f: (connection has passed maxLifetime)
2026-04-03 10:09:28 [DEBUG] [HikariPool.java]call(729) : HikariPool-1 - Added connection org.postgresql.jdbc.PgConnection@452f0cd5
2026-04-03 10:09:32 [DEBUG] [PoolBase.java]quietlyCloseConnection(134) : HikariPool-1 - Closing connection org.postgresql.jdbc.PgConnection@431f81c4: (connection has passed maxLifetime)
2026-04-03 10:09:32 [DEBUG] [HikariPool.java]call(729) : HikariPool-1 - Added connection org.postgresql.jdbc.PgConnection@411080a8
2026-04-03 10:09:32 [DEBUG] [HikariPool.java]logPoolState(421) : HikariPool-1 - Pool stats (total=4, active=0, idle=4, waiting=0)
2026-04-03 10:09:32 [DEBUG] [HikariPool.java]fillPool(518) : HikariPool-1 - Fill pool skipped, pool is at sufficient level.
2026-04-03 10:09:58 [DEBUG] [PoolBase.java]quietlyCloseConnection(134) : HikariPool-1 - Closing connection org.postgresql.jdbc.PgConnection@103de7fb: (connection has passed maxLifetime)
2026-04-03 10:09:58 [DEBUG] [HikariPool.java]call(729) : HikariPool-1 - Added connection org.postgresql.jdbc.PgConnection@2dcf1556
2026-04-03 10:10:02 [DEBUG] [HikariPool.java]logPoolState(421) : HikariPool-1 - Pool stats (total=4, active=0, idle=4, waiting=0)
2026-04-03 10:10:02 [DEBUG] [HikariPool.java]fillPool(518) : HikariPool-1 - Fill pool skipped, pool is at sufficient level.
2026-04-03 10:10:32 [DEBUG] [HikariPool.java]logPoolState(421) : HikariPool-1 - Pool stats (total=4, active=0, idle=4, waiting=0)
2026-04-03 10:10:32 [DEBUG] [HikariPool.java]fillPool(518) : HikariPool-1 - Fill pool skipped, pool is at sufficient level.
2026-04-03 10:11:02 [DEBUG] [HikariPool.java]logPoolState(421) : HikariPool-1 - Pool stats (total=4, active=0, idle=4, waiting=0)
2026-04-03 10:11:02 [DEBUG] [HikariPool.java]fillPool(518) : HikariPool-1 - Fill pool skipped, pool is at sufficient level.
2026-04-03 10:11:03 [INFO ] [WebSocketMessageBrokerStats.java]lambda$initLoggingTask$0(128) : WebSocketSession[1 current WS(1)-HttpStream(0)-HttpPoll(0), 1 total, 0 closed abnormally (0 connect failure, 0 send limit, 0 transport error)], stompSubProtocol[processed CONNECT(1)-CONNECTED(1)-DISCONNECT(0)], stompBrokerRelay[null], inboundChannel[pool size = 0, active threads = 0, queued tasks = 0, completed tasks = 3], outboundChannel[pool size = 0, active threads = 0, queued tasks = 0, completed tasks = 1], sockJsScheduler[pool size = 16, active threads = 1, queued tasks = 2, completed tasks = 557]
2026-04-03 10:11:32 [DEBUG] [HikariPool.java]logPoolState(421) : HikariPool-1 - Pool stats (total=4, active=0, idle=4, waiting=0)
2026-04-03 10:11:32 [DEBUG] [HikariPool.java]fillPool(518) : HikariPool-1 - Fill pool skipped, pool is at sufficient level.
2026-04-03 10:12:02 [DEBUG] [HikariPool.java]logPoolState(421) : HikariPool-1 - Pool stats (total=4, active=0, idle=4, waiting=0)
2026-04-03 10:12:02 [DEBUG] [HikariPool.java]fillPool(518) : HikariPool-1 - Fill pool skipped, pool is at sufficient level.
2026-04-03 10:12:32 [DEBUG] [HikariPool.java]logPoolState(421) : HikariPool-1 - Pool stats (total=4, active=0, idle=4, waiting=0)
2026-04-03 10:12:32 [DEBUG] [HikariPool.java]fillPool(518) : HikariPool-1 - Fill pool skipped, pool is at sufficient level.
2026-04-03 10:13:02 [DEBUG] [HikariPool.java]logPoolState(421) : HikariPool-1 - Pool stats (total=4, active=0, idle=4, waiting=0)
2026-04-03 10:13:02 [DEBUG] [HikariPool.java]fillPool(518) : HikariPool-1 - Fill pool skipped, pool is at sufficient level.
2026-04-03 10:13:32 [DEBUG] [HikariPool.java]logPoolState(421) : HikariPool-1 - Pool stats (total=4, active=0, idle=4, waiting=0)
2026-04-03 10:13:32 [DEBUG] [HikariPool.java]fillPool(518) : HikariPool-1 - Fill pool skipped, pool is at sufficient level.
2026-04-03 10:14:02 [DEBUG] [HikariPool.java]logPoolState(421) : HikariPool-1 - Pool stats (total=4, active=0, idle=4, waiting=0)
2026-04-03 10:14:02 [DEBUG] [HikariPool.java]fillPool(518) : HikariPool-1 - Fill pool skipped, pool is at sufficient level.
2026-04-03 10:14:32 [DEBUG] [HikariPool.java]logPoolState(421) : HikariPool-1 - Pool stats (total=4, active=0, idle=4, waiting=0)
2026-04-03 10:14:32 [DEBUG] [HikariPool.java]fillPool(518) : HikariPool-1 - Fill pool skipped, pool is at sufficient level.
2026-04-03 10:15:02 [DEBUG] [HikariPool.java]logPoolState(421) : HikariPool-1 - Pool stats (total=4, active=0, idle=4, waiting=0)
2026-04-03 10:15:02 [DEBUG] [HikariPool.java]fillPool(518) : HikariPool-1 - Fill pool skipped, pool is at sufficient level.
2026-04-03 10:15:32 [DEBUG] [HikariPool.java]logPoolState(421) : HikariPool-1 - Pool stats (total=4, active=0, idle=4, waiting=0)
2026-04-03 10:15:32 [DEBUG] [HikariPool.java]fillPool(518) : HikariPool-1 - Fill pool skipped, pool is at sufficient level.
2026-04-03 10:16:02 [DEBUG] [HikariPool.java]logPoolState(421) : HikariPool-1 - Pool stats (total=4, active=0, idle=4, waiting=0)
2026-04-03 10:16:02 [DEBUG] [HikariPool.java]fillPool(518) : HikariPool-1 - Fill pool skipped, pool is at sufficient level.
2026-04-03 10:16:32 [DEBUG] [HikariPool.java]logPoolState(421) : HikariPool-1 - Pool stats (total=4, active=0, idle=4, waiting=0)
2026-04-03 10:16:32 [DEBUG] [HikariPool.java]fillPool(518) : HikariPool-1 - Fill pool skipped, pool is at sufficient level.
2026-04-03 10:17:02 [DEBUG] [HikariPool.java]logPoolState(421) : HikariPool-1 - Pool stats (total=4, active=0, idle=4, waiting=0)
2026-04-03 10:17:02 [DEBUG] [HikariPool.java]fillPool(518) : HikariPool-1 - Fill pool skipped, pool is at sufficient level.
2026-04-03 10:17:32 [DEBUG] [HikariPool.java]logPoolState(421) : HikariPool-1 - Pool stats (total=4, active=0, idle=4, waiting=0)
2026-04-03 10:17:32 [DEBUG] [HikariPool.java]fillPool(518) : HikariPool-1 - Fill pool skipped, pool is at sufficient level.
2026-04-03 10:18:02 [DEBUG] [HikariPool.java]logPoolState(421) : HikariPool-1 - Pool stats (total=4, active=0, idle=4, waiting=0)
2026-04-03 10:18:02 [DEBUG] [HikariPool.java]fillPool(518) : HikariPool-1 - Fill pool skipped, pool is at sufficient level.
2026-04-03 10:18:32 [DEBUG] [HikariPool.java]logPoolState(421) : HikariPool-1 - Pool stats (total=4, active=0, idle=4, waiting=0)
2026-04-03 10:18:32 [DEBUG] [HikariPool.java]fillPool(518) : HikariPool-1 - Fill pool skipped, pool is at sufficient level.
2026-04-03 10:19:02 [DEBUG] [HikariPool.java]logPoolState(421) : HikariPool-1 - Pool stats (total=4, active=0, idle=4, waiting=0)
2026-04-03 10:19:02 [DEBUG] [HikariPool.java]fillPool(518) : HikariPool-1 - Fill pool skipped, pool is at sufficient level.
2026-04-03 10:19:32 [DEBUG] [HikariPool.java]logPoolState(421) : HikariPool-1 - Pool stats (total=4, active=0, idle=4, waiting=0)
2026-04-03 10:19:32 [DEBUG] [HikariPool.java]fillPool(518) : HikariPool-1 - Fill pool skipped, pool is at sufficient level.
2026-04-03 10:20:02 [DEBUG] [HikariPool.java]logPoolState(421) : HikariPool-1 - Pool stats (total=4, active=0, idle=4, waiting=0)
2026-04-03 10:20:02 [DEBUG] [HikariPool.java]fillPool(518) : HikariPool-1 - Fill pool skipped, pool is at sufficient level.
2026-04-03 10:20:32 [DEBUG] [HikariPool.java]logPoolState(421) : HikariPool-1 - Pool stats (total=4, active=0, idle=4, waiting=0)
2026-04-03 10:20:32 [DEBUG] [HikariPool.java]fillPool(518) : HikariPool-1 - Fill pool skipped, pool is at sufficient level.
2026-04-03 10:21:02 [DEBUG] [HikariPool.java]logPoolState(421) : HikariPool-1 - Pool stats (total=4, active=0, idle=4, waiting=0)
2026-04-03 10:21:02 [DEBUG] [HikariPool.java]fillPool(518) : HikariPool-1 - Fill pool skipped, pool is at sufficient level.
2026-04-03 10:21:32 [DEBUG] [HikariPool.java]logPoolState(421) : HikariPool-1 - Pool stats (total=4, active=0, idle=4, waiting=0)
2026-04-03 10:21:32 [DEBUG] [HikariPool.java]fillPool(518) : HikariPool-1 - Fill pool skipped, pool is at sufficient level.
2026-04-03 10:22:02 [DEBUG] [HikariPool.java]logPoolState(421) : HikariPool-1 - Pool stats (total=4, active=0, idle=4, waiting=0)
2026-04-03 10:22:02 [DEBUG] [HikariPool.java]fillPool(518) : HikariPool-1 - Fill pool skipped, pool is at sufficient level.
2026-04-03 10:22:32 [DEBUG] [HikariPool.java]logPoolState(421) : HikariPool-1 - Pool stats (total=4, active=0, idle=4, waiting=0)
2026-04-03 10:22:32 [DEBUG] [HikariPool.java]fillPool(518) : HikariPool-1 - Fill pool skipped, pool is at sufficient level.
2026-04-03 10:23:02 [DEBUG] [HikariPool.java]logPoolState(421) : HikariPool-1 - Pool stats (total=4, active=0, idle=4, waiting=0)
2026-04-03 10:23:02 [DEBUG] [HikariPool.java]fillPool(518) : HikariPool-1 - Fill pool skipped, pool is at sufficient level.
2026-04-03 10:23:32 [DEBUG] [HikariPool.java]logPoolState(421) : HikariPool-1 - Pool stats (total=4, active=0, idle=4, waiting=0)
2026-04-03 10:23:32 [DEBUG] [HikariPool.java]fillPool(518) : HikariPool-1 - Fill pool skipped, pool is at sufficient level.
2026-04-03 10:24:02 [DEBUG] [HikariPool.java]logPoolState(421) : HikariPool-1 - Pool stats (total=4, active=0, idle=4, waiting=0)
2026-04-03 10:24:02 [DEBUG] [HikariPool.java]fillPool(518) : HikariPool-1 - Fill pool skipped, pool is at sufficient level.
2026-04-03 10:24:32 [DEBUG] [HikariPool.java]logPoolState(421) : HikariPool-1 - Pool stats (total=4, active=0, idle=4, waiting=0)
2026-04-03 10:24:32 [DEBUG] [HikariPool.java]fillPool(518) : HikariPool-1 - Fill pool skipped, pool is at sufficient level.
2026-04-03 10:25:02 [DEBUG] [HikariPool.java]logPoolState(421) : HikariPool-1 - Pool stats (total=4, active=0, idle=4, waiting=0)
2026-04-03 10:25:02 [DEBUG] [HikariPool.java]fillPool(518) : HikariPool-1 - Fill pool skipped, pool is at sufficient level.
2026-04-03 10:25:32 [DEBUG] [HikariPool.java]logPoolState(421) : HikariPool-1 - Pool stats (total=4, active=0, idle=4, waiting=0)
2026-04-03 10:25:32 [DEBUG] [HikariPool.java]fillPool(518) : HikariPool-1 - Fill pool skipped, pool is at sufficient level.
2026-04-03 10:26:02 [DEBUG] [HikariPool.java]logPoolState(421) : HikariPool-1 - Pool stats (total=4, active=0, idle=4, waiting=0)
2026-04-03 10:26:02 [DEBUG] [HikariPool.java]fillPool(518) : HikariPool-1 - Fill pool skipped, pool is at sufficient level.
2026-04-03 10:26:32 [DEBUG] [HikariPool.java]logPoolState(421) : HikariPool-1 - Pool stats (total=4, active=0, idle=4, waiting=0)
2026-04-03 10:26:32 [DEBUG] [HikariPool.java]fillPool(518) : HikariPool-1 - Fill pool skipped, pool is at sufficient level.
2026-04-03 10:27:02 [DEBUG] [HikariPool.java]logPoolState(421) : HikariPool-1 - Pool stats (total=4, active=0, idle=4, waiting=0)
2026-04-03 10:27:02 [DEBUG] [HikariPool.java]fillPool(518) : HikariPool-1 - Fill pool skipped, pool is at sufficient level.
2026-04-03 10:27:32 [DEBUG] [HikariPool.java]logPoolState(421) : HikariPool-1 - Pool stats (total=4, active=0, idle=4, waiting=0)
2026-04-03 10:27:32 [DEBUG] [HikariPool.java]fillPool(518) : HikariPool-1 - Fill pool skipped, pool is at sufficient level.
2026-04-03 10:28:02 [DEBUG] [HikariPool.java]logPoolState(421) : HikariPool-1 - Pool stats (total=4, active=0, idle=4, waiting=0)
2026-04-03 10:28:02 [DEBUG] [HikariPool.java]fillPool(518) : HikariPool-1 - Fill pool skipped, pool is at sufficient level.
2026-04-03 10:28:32 [DEBUG] [HikariPool.java]logPoolState(421) : HikariPool-1 - Pool stats (total=4, active=0, idle=4, waiting=0)
2026-04-03 10:28:32 [DEBUG] [HikariPool.java]fillPool(518) : HikariPool-1 - Fill pool skipped, pool is at sufficient level.
2026-04-03 10:29:02 [DEBUG] [HikariPool.java]logPoolState(421) : HikariPool-1 - Pool stats (total=4, active=0, idle=4, waiting=0)
2026-04-03 10:29:02 [DEBUG] [HikariPool.java]fillPool(518) : HikariPool-1 - Fill pool skipped, pool is at sufficient level.
2026-04-03 10:29:32 [DEBUG] [HikariPool.java]logPoolState(421) : HikariPool-1 - Pool stats (total=4, active=0, idle=4, waiting=0)
2026-04-03 10:29:32 [DEBUG] [HikariPool.java]fillPool(518) : HikariPool-1 - Fill pool skipped, pool is at sufficient level.
2026-04-03 10:30:02 [DEBUG] [HikariPool.java]logPoolState(421) : HikariPool-1 - Pool stats (total=4, active=0, idle=4, waiting=0)
2026-04-03 10:30:02 [DEBUG] [HikariPool.java]fillPool(518) : HikariPool-1 - Fill pool skipped, pool is at sufficient level.
2026-04-03 10:30:32 [DEBUG] [HikariPool.java]logPoolState(421) : HikariPool-1 - Pool stats (total=4, active=0, idle=4, waiting=0)
2026-04-03 10:30:32 [DEBUG] [HikariPool.java]fillPool(518) : HikariPool-1 - Fill pool skipped, pool is at sufficient level.
2026-04-03 10:31:02 [DEBUG] [HikariPool.java]logPoolState(421) : HikariPool-1 - Pool stats (total=4, active=0, idle=4, waiting=0)
2026-04-03 10:31:02 [DEBUG] [HikariPool.java]fillPool(518) : HikariPool-1 - Fill pool skipped, pool is at sufficient level.
2026-04-03 10:31:33 [DEBUG] [HikariPool.java]logPoolState(421) : HikariPool-1 - Pool stats (total=4, active=0, idle=4, waiting=0)
2026-04-03 10:31:33 [DEBUG] [HikariPool.java]fillPool(518) : HikariPool-1 - Fill pool skipped, pool is at sufficient level.
2026-04-03 10:32:03 [DEBUG] [HikariPool.java]logPoolState(421) : HikariPool-1 - Pool stats (total=4, active=0, idle=4, waiting=0)
2026-04-03 10:32:03 [DEBUG] [HikariPool.java]fillPool(518) : HikariPool-1 - Fill pool skipped, pool is at sufficient level.
2026-04-03 10:32:33 [DEBUG] [HikariPool.java]logPoolState(421) : HikariPool-1 - Pool stats (total=4, active=0, idle=4, waiting=0)
2026-04-03 10:32:33 [DEBUG] [HikariPool.java]fillPool(518) : HikariPool-1 - Fill pool skipped, pool is at sufficient level.
2026-04-03 10:33:03 [DEBUG] [HikariPool.java]logPoolState(421) : HikariPool-1 - Pool stats (total=4, active=0, idle=4, waiting=0)
2026-04-03 10:33:03 [DEBUG] [HikariPool.java]fillPool(518) : HikariPool-1 - Fill pool skipped, pool is at sufficient level.
2026-04-03 10:33:33 [DEBUG] [HikariPool.java]logPoolState(421) : HikariPool-1 - Pool stats (total=4, active=0, idle=4, waiting=0)
2026-04-03 10:33:33 [DEBUG] [HikariPool.java]fillPool(518) : HikariPool-1 - Fill pool skipped, pool is at sufficient level.
2026-04-03 10:34:03 [DEBUG] [HikariPool.java]logPoolState(421) : HikariPool-1 - Pool stats (total=4, active=0, idle=4, waiting=0)
2026-04-03 10:34:03 [DEBUG] [HikariPool.java]fillPool(518) : HikariPool-1 - Fill pool skipped, pool is at sufficient level.
2026-04-03 10:34:33 [DEBUG] [HikariPool.java]logPoolState(421) : HikariPool-1 - Pool stats (total=4, active=0, idle=4, waiting=0)
2026-04-03 10:34:33 [DEBUG] [HikariPool.java]fillPool(518) : HikariPool-1 - Fill pool skipped, pool is at sufficient level.
2026-04-03 10:35:03 [DEBUG] [HikariPool.java]logPoolState(421) : HikariPool-1 - Pool stats (total=4, active=0, idle=4, waiting=0)
2026-04-03 10:35:03 [DEBUG] [HikariPool.java]fillPool(518) : HikariPool-1 - Fill pool skipped, pool is at sufficient level.
2026-04-03 10:35:33 [DEBUG] [HikariPool.java]logPoolState(421) : HikariPool-1 - Pool stats (total=4, active=0, idle=4, waiting=0)
2026-04-03 10:35:33 [DEBUG] [HikariPool.java]fillPool(518) : HikariPool-1 - Fill pool skipped, pool is at sufficient level.
2026-04-03 10:36:03 [DEBUG] [HikariPool.java]logPoolState(421) : HikariPool-1 - Pool stats (total=4, active=0, idle=4, waiting=0)
2026-04-03 10:36:03 [DEBUG] [HikariPool.java]fillPool(518) : HikariPool-1 - Fill pool skipped, pool is at sufficient level.
2026-04-03 10:36:33 [DEBUG] [HikariPool.java]logPoolState(421) : HikariPool-1 - Pool stats (total=4, active=0, idle=4, waiting=0)
2026-04-03 10:36:33 [DEBUG] [HikariPool.java]fillPool(518) : HikariPool-1 - Fill pool skipped, pool is at sufficient level.
2026-04-03 10:37:03 [DEBUG] [HikariPool.java]logPoolState(421) : HikariPool-1 - Pool stats (total=4, active=0, idle=4, waiting=0)
2026-04-03 10:37:03 [DEBUG] [HikariPool.java]fillPool(518) : HikariPool-1 - Fill pool skipped, pool is at sufficient level.
2026-04-03 10:37:33 [DEBUG] [HikariPool.java]logPoolState(421) : HikariPool-1 - Pool stats (total=4, active=0, idle=4, waiting=0)
2026-04-03 10:37:33 [DEBUG] [HikariPool.java]fillPool(518) : HikariPool-1 - Fill pool skipped, pool is at sufficient level.
2026-04-03 10:38:03 [DEBUG] [HikariPool.java]logPoolState(421) : HikariPool-1 - Pool stats (total=4, active=0, idle=4, waiting=0)
2026-04-03 10:38:03 [DEBUG] [HikariPool.java]fillPool(518) : HikariPool-1 - Fill pool skipped, pool is at sufficient level.
2026-04-03 10:38:33 [DEBUG] [HikariPool.java]logPoolState(421) : HikariPool-1 - Pool stats (total=4, active=0, idle=4, waiting=0)
2026-04-03 10:38:33 [DEBUG] [HikariPool.java]fillPool(518) : HikariPool-1 - Fill pool skipped, pool is at sufficient level.
2026-04-03 10:38:49 [DEBUG] [PoolBase.java]quietlyCloseConnection(134) : HikariPool-1 - Closing connection org.postgresql.jdbc.PgConnection@4be8ebd8: (connection has passed maxLifetime)
2026-04-03 10:38:50 [DEBUG] [PoolBase.java]quietlyCloseConnection(134) : HikariPool-1 - Closing connection org.postgresql.jdbc.PgConnection@452f0cd5: (connection has passed maxLifetime)
2026-04-03 10:38:50 [DEBUG] [HikariPool.java]addBagItem(342) : HikariPool-1 - Add connection elided, waiting 0, queue 1
2026-04-03 10:38:50 [DEBUG] [HikariPool.java]call(729) : HikariPool-1 - Added connection org.postgresql.jdbc.PgConnection@7e25acad
2026-04-03 10:38:50 [DEBUG] [HikariPool.java]call(729) : HikariPool-1 - Added connection org.postgresql.jdbc.PgConnection@70e24d19
2026-04-03 10:38:50 [DEBUG] [HikariPool.java]logPoolState(421) : HikariPool-1 - After adding stats (total=4, active=0, idle=4, waiting=0)
2026-04-03 10:39:03 [DEBUG] [HikariPool.java]logPoolState(421) : HikariPool-1 - Pool stats (total=4, active=0, idle=4, waiting=0)
2026-04-03 10:39:03 [DEBUG] [HikariPool.java]fillPool(518) : HikariPool-1 - Fill pool skipped, pool is at sufficient level.
2026-04-03 10:39:22 [DEBUG] [PoolBase.java]quietlyCloseConnection(134) : HikariPool-1 - Closing connection org.postgresql.jdbc.PgConnection@411080a8: (connection has passed maxLifetime)
2026-04-03 10:39:22 [DEBUG] [HikariPool.java]call(729) : HikariPool-1 - Added connection org.postgresql.jdbc.PgConnection@5f750e38
2026-04-03 10:39:33 [DEBUG] [HikariPool.java]logPoolState(421) : HikariPool-1 - Pool stats (total=4, active=0, idle=4, waiting=0)
2026-04-03 10:39:33 [DEBUG] [HikariPool.java]fillPool(518) : HikariPool-1 - Fill pool skipped, pool is at sufficient level.
2026-04-03 10:39:45 [DEBUG] [PoolBase.java]quietlyCloseConnection(134) : HikariPool-1 - Closing connection org.postgresql.jdbc.PgConnection@2dcf1556: (connection has passed maxLifetime)
2026-04-03 10:39:45 [DEBUG] [HikariPool.java]call(729) : HikariPool-1 - Added connection org.postgresql.jdbc.PgConnection@18cbbeea
2026-04-03 10:40:03 [DEBUG] [HikariPool.java]logPoolState(421) : HikariPool-1 - Pool stats (total=4, active=0, idle=4, waiting=0)
2026-04-03 10:40:03 [DEBUG] [HikariPool.java]fillPool(518) : HikariPool-1 - Fill pool skipped, pool is at sufficient level.
2026-04-03 10:40:33 [DEBUG] [HikariPool.java]logPoolState(421) : HikariPool-1 - Pool stats (total=4, active=0, idle=4, waiting=0)
2026-04-03 10:40:33 [DEBUG] [HikariPool.java]fillPool(518) : HikariPool-1 - Fill pool skipped, pool is at sufficient level.
2026-04-03 10:41:03 [DEBUG] [HikariPool.java]logPoolState(421) : HikariPool-1 - Pool stats (total=4, active=0, idle=4, waiting=0)
2026-04-03 10:41:03 [DEBUG] [HikariPool.java]fillPool(518) : HikariPool-1 - Fill pool skipped, pool is at sufficient level.
2026-04-03 10:41:03 [INFO ] [WebSocketMessageBrokerStats.java]lambda$initLoggingTask$0(128) : WebSocketSession[1 current WS(1)-HttpStream(0)-HttpPoll(0), 1 total, 0 closed abnormally (0 connect failure, 0 send limit, 0 transport error)], stompSubProtocol[processed CONNECT(1)-CONNECTED(1)-DISCONNECT(0)], stompBrokerRelay[null], inboundChannel[pool size = 0, active threads = 0, queued tasks = 0, completed tasks = 3], outboundChannel[pool size = 0, active threads = 0, queued tasks = 0, completed tasks = 1], sockJsScheduler[pool size = 16, active threads = 1, queued tasks = 2, completed tasks = 1098]
2026-04-03 10:41:33 [DEBUG] [HikariPool.java]logPoolState(421) : HikariPool-1 - Pool stats (total=4, active=0, idle=4, waiting=0)
2026-04-03 10:41:33 [DEBUG] [HikariPool.java]fillPool(518) : HikariPool-1 - Fill pool skipped, pool is at sufficient level.
2026-04-03 10:42:03 [DEBUG] [HikariPool.java]logPoolState(421) : HikariPool-1 - Pool stats (total=4, active=0, idle=4, waiting=0)
2026-04-03 10:42:03 [DEBUG] [HikariPool.java]fillPool(518) : HikariPool-1 - Fill pool skipped, pool is at sufficient level.
2026-04-03 10:42:33 [DEBUG] [HikariPool.java]logPoolState(421) : HikariPool-1 - Pool stats (total=4, active=0, idle=4, waiting=0)
2026-04-03 10:42:33 [DEBUG] [HikariPool.java]fillPool(518) : HikariPool-1 - Fill pool skipped, pool is at sufficient level.
2026-04-03 10:43:03 [DEBUG] [HikariPool.java]logPoolState(421) : HikariPool-1 - Pool stats (total=4, active=0, idle=4, waiting=0)
2026-04-03 10:43:03 [DEBUG] [HikariPool.java]fillPool(518) : HikariPool-1 - Fill pool skipped, pool is at sufficient level.
2026-04-03 10:43:33 [DEBUG] [HikariPool.java]logPoolState(421) : HikariPool-1 - Pool stats (total=4, active=0, idle=4, waiting=0)
2026-04-03 10:43:33 [DEBUG] [HikariPool.java]fillPool(518) : HikariPool-1 - Fill pool skipped, pool is at sufficient level.
2026-04-03 10:44:03 [DEBUG] [HikariPool.java]logPoolState(421) : HikariPool-1 - Pool stats (total=4, active=0, idle=4, waiting=0)
2026-04-03 10:44:03 [DEBUG] [HikariPool.java]fillPool(518) : HikariPool-1 - Fill pool skipped, pool is at sufficient level.
2026-04-03 10:44:33 [DEBUG] [HikariPool.java]logPoolState(421) : HikariPool-1 - Pool stats (total=4, active=0, idle=4, waiting=0)
2026-04-03 10:44:33 [DEBUG] [HikariPool.java]fillPool(518) : HikariPool-1 - Fill pool skipped, pool is at sufficient level.
2026-04-03 10:45:03 [DEBUG] [HikariPool.java]logPoolState(421) : HikariPool-1 - Pool stats (total=4, active=0, idle=4, waiting=0)
2026-04-03 10:45:03 [DEBUG] [HikariPool.java]fillPool(518) : HikariPool-1 - Fill pool skipped, pool is at sufficient level.
2026-04-03 10:45:33 [DEBUG] [HikariPool.java]logPoolState(421) : HikariPool-1 - Pool stats (total=4, active=0, idle=4, waiting=0)
2026-04-03 10:45:33 [DEBUG] [HikariPool.java]fillPool(518) : HikariPool-1 - Fill pool skipped, pool is at sufficient level.
2026-04-03 10:46:03 [DEBUG] [HikariPool.java]logPoolState(421) : HikariPool-1 - Pool stats (total=4, active=0, idle=4, waiting=0)
2026-04-03 10:46:03 [DEBUG] [HikariPool.java]fillPool(518) : HikariPool-1 - Fill pool skipped, pool is at sufficient level.
2026-04-03 10:46:33 [DEBUG] [HikariPool.java]logPoolState(421) : HikariPool-1 - Pool stats (total=4, active=0, idle=4, waiting=0)
2026-04-03 10:46:33 [DEBUG] [HikariPool.java]fillPool(518) : HikariPool-1 - Fill pool skipped, pool is at sufficient level.
2026-04-03 10:47:03 [DEBUG] [HikariPool.java]logPoolState(421) : HikariPool-1 - Pool stats (total=4, active=0, idle=4, waiting=0)
2026-04-03 10:47:03 [DEBUG] [HikariPool.java]fillPool(518) : HikariPool-1 - Fill pool skipped, pool is at sufficient level.
2026-04-03 10:47:33 [DEBUG] [HikariPool.java]logPoolState(421) : HikariPool-1 - Pool stats (total=4, active=0, idle=4, waiting=0)
2026-04-03 10:47:33 [DEBUG] [HikariPool.java]fillPool(518) : HikariPool-1 - Fill pool skipped, pool is at sufficient level.
2026-04-03 10:48:03 [DEBUG] [HikariPool.java]logPoolState(421) : HikariPool-1 - Pool stats (total=4, active=0, idle=4, waiting=0)
2026-04-03 10:48:03 [DEBUG] [HikariPool.java]fillPool(518) : HikariPool-1 - Fill pool skipped, pool is at sufficient level.
2026-04-03 10:48:33 [DEBUG] [HikariPool.java]logPoolState(421) : HikariPool-1 - Pool stats (total=4, active=0, idle=4, waiting=0)
2026-04-03 10:48:33 [DEBUG] [HikariPool.java]fillPool(518) : HikariPool-1 - Fill pool skipped, pool is at sufficient level.
2026-04-03 10:49:03 [DEBUG] [HikariPool.java]logPoolState(421) : HikariPool-1 - Pool stats (total=4, active=0, idle=4, waiting=0)
2026-04-03 10:49:03 [DEBUG] [HikariPool.java]fillPool(518) : HikariPool-1 - Fill pool skipped, pool is at sufficient level.
2026-04-03 10:49:33 [DEBUG] [HikariPool.java]logPoolState(421) : HikariPool-1 - Pool stats (total=4, active=0, idle=4, waiting=0)
2026-04-03 10:49:33 [DEBUG] [HikariPool.java]fillPool(518) : HikariPool-1 - Fill pool skipped, pool is at sufficient level.
2026-04-03 10:50:03 [DEBUG] [HikariPool.java]logPoolState(421) : HikariPool-1 - Pool stats (total=4, active=0, idle=4, waiting=0)
2026-04-03 10:50:03 [DEBUG] [HikariPool.java]fillPool(518) : HikariPool-1 - Fill pool skipped, pool is at sufficient level.
2026-04-03 10:50:33 [DEBUG] [HikariPool.java]logPoolState(421) : HikariPool-1 - Pool stats (total=4, active=0, idle=4, waiting=0)
2026-04-03 10:50:33 [DEBUG] [HikariPool.java]fillPool(518) : HikariPool-1 - Fill pool skipped, pool is at sufficient level.
2026-04-03 10:51:03 [DEBUG] [HikariPool.java]logPoolState(421) : HikariPool-1 - Pool stats (total=4, active=0, idle=4, waiting=0)
2026-04-03 10:51:03 [DEBUG] [HikariPool.java]fillPool(518) : HikariPool-1 - Fill pool skipped, pool is at sufficient level.
2026-04-03 10:51:33 [DEBUG] [HikariPool.java]logPoolState(421) : HikariPool-1 - Pool stats (total=4, active=0, idle=4, waiting=0)
2026-04-03 10:51:33 [DEBUG] [HikariPool.java]fillPool(518) : HikariPool-1 - Fill pool skipped, pool is at sufficient level.
2026-04-03 10:52:03 [DEBUG] [HikariPool.java]logPoolState(421) : HikariPool-1 - Pool stats (total=4, active=0, idle=4, waiting=0)
2026-04-03 10:52:03 [DEBUG] [HikariPool.java]fillPool(518) : HikariPool-1 - Fill pool skipped, pool is at sufficient level.
2026-04-03 10:52:33 [DEBUG] [HikariPool.java]logPoolState(421) : HikariPool-1 - Pool stats (total=4, active=0, idle=4, waiting=0)
2026-04-03 10:52:33 [DEBUG] [HikariPool.java]fillPool(518) : HikariPool-1 - Fill pool skipped, pool is at sufficient level.
2026-04-03 10:53:03 [DEBUG] [HikariPool.java]logPoolState(421) : HikariPool-1 - Pool stats (total=4, active=0, idle=4, waiting=0)
2026-04-03 10:53:03 [DEBUG] [HikariPool.java]fillPool(518) : HikariPool-1 - Fill pool skipped, pool is at sufficient level.
2026-04-03 10:53:33 [DEBUG] [HikariPool.java]logPoolState(421) : HikariPool-1 - Pool stats (total=4, active=0, idle=4, waiting=0)
2026-04-03 10:53:33 [DEBUG] [HikariPool.java]fillPool(518) : HikariPool-1 - Fill pool skipped, pool is at sufficient level.
2026-04-03 10:54:03 [DEBUG] [HikariPool.java]logPoolState(421) : HikariPool-1 - Pool stats (total=4, active=0, idle=4, waiting=0)
2026-04-03 10:54:03 [DEBUG] [HikariPool.java]fillPool(518) : HikariPool-1 - Fill pool skipped, pool is at sufficient level.
2026-04-03 10:54:33 [DEBUG] [HikariPool.java]logPoolState(421) : HikariPool-1 - Pool stats (total=4, active=0, idle=4, waiting=0)
2026-04-03 10:54:33 [DEBUG] [HikariPool.java]fillPool(518) : HikariPool-1 - Fill pool skipped, pool is at sufficient level.
2026-04-03 10:55:03 [DEBUG] [HikariPool.java]logPoolState(421) : HikariPool-1 - Pool stats (total=4, active=0, idle=4, waiting=0)
2026-04-03 10:55:03 [DEBUG] [HikariPool.java]fillPool(518) : HikariPool-1 - Fill pool skipped, pool is at sufficient level.
2026-04-03 10:55:33 [DEBUG] [HikariPool.java]logPoolState(421) : HikariPool-1 - Pool stats (total=4, active=0, idle=4, waiting=0)
2026-04-03 10:55:33 [DEBUG] [HikariPool.java]fillPool(518) : HikariPool-1 - Fill pool skipped, pool is at sufficient level.
2026-04-03 10:56:03 [DEBUG] [HikariPool.java]logPoolState(421) : HikariPool-1 - Pool stats (total=4, active=0, idle=4, waiting=0)
2026-04-03 10:56:03 [DEBUG] [HikariPool.java]fillPool(518) : HikariPool-1 - Fill pool skipped, pool is at sufficient level.
2026-04-03 10:56:33 [DEBUG] [HikariPool.java]logPoolState(421) : HikariPool-1 - Pool stats (total=4, active=0, idle=4, waiting=0)
2026-04-03 10:56:33 [DEBUG] [HikariPool.java]fillPool(518) : HikariPool-1 - Fill pool skipped, pool is at sufficient level.
2026-04-03 10:57:03 [DEBUG] [HikariPool.java]logPoolState(421) : HikariPool-1 - Pool stats (total=4, active=0, idle=4, waiting=0)
2026-04-03 10:57:03 [DEBUG] [HikariPool.java]fillPool(518) : HikariPool-1 - Fill pool skipped, pool is at sufficient level.
2026-04-03 10:57:33 [DEBUG] [HikariPool.java]logPoolState(421) : HikariPool-1 - Pool stats (total=4, active=0, idle=4, waiting=0)
2026-04-03 10:57:33 [DEBUG] [HikariPool.java]fillPool(518) : HikariPool-1 - Fill pool skipped, pool is at sufficient level.
2026-04-03 10:58:03 [DEBUG] [HikariPool.java]logPoolState(421) : HikariPool-1 - Pool stats (total=4, active=0, idle=4, waiting=0)
2026-04-03 10:58:03 [DEBUG] [HikariPool.java]fillPool(518) : HikariPool-1 - Fill pool skipped, pool is at sufficient level.
2026-04-03 10:58:33 [DEBUG] [HikariPool.java]logPoolState(421) : HikariPool-1 - Pool stats (total=4, active=0, idle=4, waiting=0)
2026-04-03 10:58:33 [DEBUG] [HikariPool.java]fillPool(518) : HikariPool-1 - Fill pool skipped, pool is at sufficient level.
